
============================================================
  PDF EXTRACTOR - OPTIMIZED PIPELINE
  File     : 0698a3d4_6_servo e83104fr.pdf
  LLM      : qwen2.5vl:7b
  Embeddings: nomic-embed-text
============================================================

[1/4] Parsing & chunking PDF...
  -> 68 pages
  -> 95 chunks in 0.3s

[2/4] Embedding 95 chunks (single batch)...
  -> Done in 63.6s

[3/4] Storing in ChromaDB...
  -> 95 chunks stored in 0.7s

[3.5/4] Semantic search per field...

[4/4] Extracting values with LLM (qwen2.5vl:7b)...
[LLM] Extracting field: categorie (from 5 chunks)...
[LLM] Extracting field: typeMesure (from 5 chunks)...
  [OK] categorie = Actionneur
[LLM] Extracting field: technologie (from 5 chunks)...
  [OK] typeMesure = Pression
[LLM] Extracting field: plageMesure (from 5 chunks)...
  [OK] technologie = Autre
[LLM] Extracting field: typeSignal (from 5 chunks)...
  [OK] plageMesure = {'min': 0.2, 'max': 6, 'unite': 'bar'}
[LLM] Extracting field: nbFils (from 5 chunks)...
  [MISS] typeSignal (conf: 0.0)
[LLM] Extracting field: alimentation (from 5 chunks)...
  [MISS] nbFils (conf: 0.0)
[LLM] Extracting field: reperage (from 5 chunks)...
  [OK] alimentation = 24V DC
[LLM] Extracting field: communication (from 5 chunks)...
  [MISS] reperage (conf: 0.0)
[LLM] Extracting field: classe (from 5 chunks)...
  [MISS] communication (conf: 0.0)
[LLM] Extracting field: sortiesAlarme (from 5 chunks)...
  [OK] classe = Autre
[LLM] Extracting field: marque (from 5 chunks)...
  [MISS] sortiesAlarme (conf: 0.0)
[LLM] Extracting field: modele (from 5 chunks)...
  [OK] marque = SAMSON
[LLM] Extracting field: reference (from 5 chunks)...
  [OK] modele = EB 8310-4 FR
[LLM] Extracting field: dateCalibration (from 5 chunks)...
  [OK] reference = EB 8310-4
  [MISS] dateCalibration (conf: 0.0)

============================================================
  DONE in 1789.9s
============================================================

EXTRACTED DATA:
{
    "categorie": "Actionneur",
    "typeMesure": "Pression",
    "technologie": "Autre",
    "plageMesure": {
        "min": 0.2,
        "max": 6.0,
        "unite": "bar"
    },
    "alimentation": "24V DC",
    "classe": "Autre",
    "marque": "SAMSON",
    "modele": "EB 8310-4 FR",
    "reference": "EB 8310-4"
}
